---
source: src/frontend/configuration.rs
expression: "Configuration::parse(r#\"{\n    process: [\n        'oops'\n}\"#,\n        \"./darklua.json\").unwrap_err()"
---
invalid configuration file at `./darklua.json`:  --> 3:9
  |
3 |         'oops'
  |         ^---
  |
  = expected boolean or null
