---
source: src/rules/mod.rs
expression: rules

---
[
  "remove_spaces",
  "remove_comments",
  "compute_expression",
  "remove_unused_if_branch",
  "remove_unused_while",
  "remove_empty_do",
  "remove_method_definition",
  "convert_index_to_field",
  "rename_variables",
  "remove_function_call_parens"
]
