---
source: src/rules/virtual_execution.rs
expression: rule

---
"virtual_execution"
